// Jest Snapshot v1, https://goo.gl/fbAQLP

exports[`<HeroesList /> match the snapshot 1`] = `
<div>
  <div
    class="HeroesList"
  >
    <div
      style="position: relative; height: 0px; width: 0px; overflow: auto; will-change: transform; direction: ltr;"
    >
      <div
        style="height: 0px; width: 100%;"
      />
    </div>
  </div>
</div>
`;
