// Jest Snapshot v1, https://goo.gl/fbAQLP

exports[`<Home /> match the snapshot 1`] = `
<div>
  <div>
    &lt;HeroesList /&gt;
  </div>
</div>
`;
