// Jest Snapshot v1, https://goo.gl/fbAQLP

exports[`<Dropdown /> should match the snapshot 1`] = `
<div>
  <div
    class="Dropdown"
  >
    <div
      class="list"
    />
  </div>
</div>
`;
