// Jest Snapshot v1, https://goo.gl/fbAQLP

exports[`<Image /> match the snapshot 1`] = `
<div>
  <img
    alt="image"
    class="loading"
  />
  &lt;ImagePlaceholder /&gt;
</div>
`;
