// Jest Snapshot v1, https://goo.gl/fbAQLP

exports[`<Section /> match the snapshot 1`] = `
<div>
  <section
    class="Section"
  >
    <h4>
      marklar
    </h4>
    <hr />
    <div
      class="list"
    >
      foobar
    </div>
  </section>
</div>
`;
