// Jest Snapshot v1, https://goo.gl/fbAQLP

exports[`<AppBar /> should match the snapshot 1`] = `
<div>
  <div
    class="AppBar"
  />
</div>
`;
