// Jest Snapshot v1, https://goo.gl/fbAQLP

exports[`<HeroSearch /> match the snapshot 1`] = `
<div>
  <div
    class="Search"
  >
    <div
      class="Input"
    >
      <input
        type="text"
        value=""
      />
    </div>
  </div>
</div>
`;
