// Jest Snapshot v1, https://goo.gl/fbAQLP

exports[`<PageLoading /> match the snapshot 1`] = `
<div>
  <div
    class="PageLoading"
  >
    <div
      class="Spinner"
      style="width: 50px; height: 50px;"
    />
  </div>
</div>
`;
