// Jest Snapshot v1, https://goo.gl/fbAQLP

exports[`<Input /> match the snapshot 1`] = `
<div>
  <div
    class="Input"
  >
    <input
      type="text"
      value="marklar"
    />
  </div>
</div>
`;
