// Jest Snapshot v1, https://goo.gl/fbAQLP

exports[`<Search /> should match the snapshot 1`] = `
<div>
  <div
    class="Search"
  >
    <div
      class="Input"
    >
      <input
        type="text"
        value="marklar"
      />
    </div>
  </div>
</div>
`;
