// Jest Snapshot v1, https://goo.gl/fbAQLP

exports[`<Spinner /> match the snapshot 1`] = `
<div>
  <div
    class="Spinner"
    style="width: 25px; height: 25px;"
  />
</div>
`;
