// Jest Snapshot v1, https://goo.gl/fbAQLP

exports[`<Hero /> match the snapshot 1`] = `
<div>
  &lt;HeroDetail /&gt;
</div>
`;
