// Jest Snapshot v1, https://goo.gl/fbAQLP

exports[`<Button /> match the snapshot 1`] = `
<div>
  <button
    class="Button"
    type="button"
  />
</div>
`;
